// Jest Snapshot v1, https://goo.gl/fbAQLP

exports[`decoratorCentered works 1`] = `
<div
  style={
    Object {
      "alignItems": "center",
      "bottom": 0,
      "display": "flex",
      "justifyContent": "center",
      "left": 0,
      "padding": "1em",
      "position": "absolute",
      "right": 0,
      "top": 0,
    }
  }
>
  <div>
    test
  </div>
</div>
`;
