// Jest Snapshot v1, https://goo.gl/fbAQLP

exports[`tagged returns a \`Tagged<Tag, Data>\` 1`] = `
Object {
  "data": Object {
    "id": "2",
    "name": "Jeff",
  },
  "tag": "SOME_TAG",
}
`;
