// Jest Snapshot v1, https://goo.gl/fbAQLP

exports[`Home renders 1`] = `
<div
  className="Home"
>
  [Function]
</div>
`;
