// Jest Snapshot v1, https://goo.gl/fbAQLP

exports[`taggedAction returns a \`TaggedAction<Type, Payload>\` 1`] = `
Object {
  "data": Object {
    "payload": 2,
    "type": "SOME_TYPE",
  },
  "tag": "SOME_TYPE",
}
`;
